// Jest Snapshot v1, https://goo.gl/fbAQLP

exports[`Badge component testing renders UI as expected 1`] = `
<p>
   LOADING... 
</p>
`;
